// Jest Snapshot v1, https://goo.gl/fbAQLP

exports[`should render price with if props.price is set to true 1`] = `
<div
  style={
    Object {
      "display": "flex",
      "marginTop": 10,
    }
  }
>
  <img
    src="https://s3-us-west-1.amazonaws.com/antsyitemsimages/00030.jpg"
    style={
      Object {
        "alignSelf": "center",
        "height": 75,
        "width": 75,
      }
    }
  />
  <div
    style={
      Object {
        "margin": "25px",
      }
    }
  >
    <div>
      Handmade Concrete Salad
    </div>
    <div>
      $
      .00
    </div>
  </div>
</div>
`;
